✓ Initialized. View run at 
https://modal.com/apps/benmcewensignal/main/ap-XP5abozOVDkPfhcsQyrDQt
✓ Created objects.
├── ✓ Uploaded 
│   /home/runner/work/signal-sonic-features/signal-sonic-features/worker/gap_tes
│   ts.py
├── ✓ Uploaded PythonPackage:features, PythonPackage:worker
├── ✓ Created Function sep_case.
├── ✓ Created Function gen_measure.
├── ✓ Created Function record_vectors.
├── ✓ Created Function mix_case.
├── ✓ Created Function gen_batch.
├── ✓ Created Function cal_gaps.
├── ✓ Created Function fit_records.
├── ✓ Created Function nonlin_family.
├── ✓ Created Function fingerprint_loops.
├── ✓ Created Function mix_plays.
├── ✓ Created Function prep_models.
├── ✓ Created Function mert_loops_gpu.
├── ✓ Created Function pilot_gpu.
├── ✓ Created Function mix_fingerprint.
├── ✓ Created Function mix_mert_gpu.
├── ✓ Created Function record_rows.
├── ✓ Created Function clip_loop.
├── ✓ Created Function pilot_cpu.
└── ✓ Created Function clip_record.
Container terminated due to preemption. Your Function will be restarted with the same input. For more details, see https://modal.com/docs/guide/preemption
Container terminated due to preemption. Your Function will be restarted with the same input. For more details, see https://modal.com/docs/guide/preemption
/usr/local/lib/python3.12/site-packages/librosa/core/pitch.py:101: UserWarning: Trying to estimate tuning from empty frequency set.
  return pitch_tuning(
/usr/local/lib/python3.12/site-packages/librosa/core/pitch.py:101: UserWarning: Trying to estimate tuning from empty frequency set.
  return pitch_tuning(
/usr/local/lib/python3.12/site-packages/librosa/core/pitch.py:101: UserWarning: Trying to estimate tuning from empty frequency set.
  return pitch_tuning(
/usr/local/lib/python3.12/site-packages/librosa/core/pitch.py:101: UserWarning: Trying to estimate tuning from empty frequency set.
  return pitch_tuning(
/usr/local/lib/python3.12/site-packages/librosa/core/pitch.py:101: UserWarning: Trying to estimate tuning from empty frequency set.
  return pitch_tuning(
/usr/local/lib/python3.12/site-packages/librosa/core/pitch.py:101: UserWarning: Trying to estimate tuning from empty frequency set.
  return pitch_tuning(
/usr/local/lib/python3.12/site-packages/librosa/core/pitch.py:101: UserWarning: Trying to estimate tuning from empty frequency set.
  return pitch_tuning(
/usr/local/lib/python3.12/site-packages/librosa/core/pitch.py:101: UserWarning: Trying to estimate tuning from empty frequency set.
  return pitch_tuning(
/usr/local/lib/python3.12/site-packages/librosa/core/pitch.py:101: UserWarning: Trying to estimate tuning from empty frequency set.
  return pitch_tuning(
/usr/local/lib/python3.12/site-packages/librosa/core/pitch.py:101: UserWarning: Trying to estimate tuning from empty frequency set.
  return pitch_tuning(
/usr/local/lib/python3.12/site-packages/librosa/core/pitch.py:101: UserWarning: Trying to estimate tuning from empty frequency set.
  return pitch_tuning(
/usr/local/lib/python3.12/site-packages/librosa/core/pitch.py:101: UserWarning: Trying to estimate tuning from empty frequency set.
  return pitch_tuning(
/usr/local/lib/python3.12/site-packages/librosa/core/pitch.py:101: UserWarning: Trying to estimate tuning from empty frequency set.
  return pitch_tuning(
/usr/local/lib/python3.12/site-packages/librosa/core/pitch.py:101: UserWarning: Trying to estimate tuning from empty frequency set.
  return pitch_tuning(
/usr/local/lib/python3.12/site-packages/librosa/core/pitch.py:101: UserWarning: Trying to estimate tuning from empty frequency set.
  return pitch_tuning(
/usr/local/lib/python3.12/site-packages/librosa/core/pitch.py:101: UserWarning: Trying to estimate tuning from empty frequency set.
  return pitch_tuning(
/usr/local/lib/python3.12/site-packages/librosa/core/pitch.py:101: UserWarning: Trying to estimate tuning from empty frequency set.
  return pitch_tuning(
/usr/local/lib/python3.12/site-packages/librosa/core/pitch.py:101: UserWarning: Trying to estimate tuning from empty frequency set.
  return pitch_tuning(
/usr/local/lib/python3.12/site-packages/librosa/core/pitch.py:101: UserWarning: Trying to estimate tuning from empty frequency set.
  return pitch_tuning(
/usr/local/lib/python3.12/site-packages/librosa/core/pitch.py:101: UserWarning: Trying to estimate tuning from empty frequency set.
  return pitch_tuning(
/usr/local/lib/python3.12/site-packages/librosa/core/pitch.py:101: UserWarning: Trying to estimate tuning from empty frequency set.
  return pitch_tuning(
/usr/local/lib/python3.12/site-packages/librosa/core/pitch.py:101: UserWarning: Trying to estimate tuning from empty frequency set.
  return pitch_tuning(
/usr/local/lib/python3.12/site-packages/librosa/core/pitch.py:101: UserWarning: Trying to estimate tuning from empty frequency set.
  return pitch_tuning(
/usr/local/lib/python3.12/site-packages/librosa/core/pitch.py:101: UserWarning: Trying to estimate tuning from empty frequency set.
  return pitch_tuning(
an error occurred during closing of asynchronous generator <async_generator object Synchronizer._run_generator_async at 0x7fece0421000>
asyncgen: <async_generator object Synchronizer._run_generator_async at 0x7fece0421000>
Traceback (most recent call last):
  File "/opt/hostedtoolcache/Python/3.12.14/x64/lib/python3.12/site-packages/modal/_utils/async_utils.py", line 856, in __iter__
    yield from run_async_gen(runner, self._async_iterable)
GeneratorExit

During handling of the above exception, another exception occurred:

RuntimeError: aclose(): asynchronous generator is already running
an error occurred during closing of asynchronous generator <async_generator object async_merge at 0x7fed08e6fe10>
asyncgen: <async_generator object async_merge at 0x7fed08e6fe10>
Traceback (most recent call last):
  File "/opt/hostedtoolcache/Python/3.12.14/x64/lib/python3.12/site-packages/modal/_utils/async_utils.py", line 856, in __iter__
    yield from run_async_gen(runner, self._async_iterable)
GeneratorExit

During handling of the above exception, another exception occurred:

RuntimeError: aclose(): asynchronous generator is already running
CHECK {"loops_fingerprinted": {"bass": 938, "melody": 1193}, "practice_mixes": 1498, "agreement": {"bass": {"records": 294, "same_three": 44, "mean_overlap": 1.74}, "melody": {"records": 295, "same_three": 61, "mean_overlap": 1.88}}} items 20
Stopping app - local entrypoint completed.
✓ App completed. View run at 
https://modal.com/apps/benmcewensignal/main/ap-XP5abozOVDkPfhcsQyrDQt
Task was destroyed but it is pending!
task: <Task cancelling name='Task-44312' coro=<async_merge.<locals>.producer() running at /opt/hostedtoolcache/Python/3.12.14/x64/lib/python3.12/site-packages/modal/_utils/async_utils.py:1087> wait_for=<Future pending cb=[shield.<locals>._outer_done_callback() at /opt/hostedtoolcache/Python/3.12.14/x64/lib/python3.12/asyncio/tasks.py:922, Task.task_wakeup()]> cb=[gather.<locals>._done_callback() at /opt/hostedtoolcache/Python/3.12.14/x64/lib/python3.12/asyncio/tasks.py:767]>
Task was destroyed but it is pending!
task: <Task pending name='Task-46370' coro=<<async_generator_athrow without __name__>()> wait_for=<Future pending cb=[shield.<locals>._outer_done_callback() at /opt/hostedtoolcache/Python/3.12.14/x64/lib/python3.12/asyncio/tasks.py:922, Task.task_wakeup()]>>
