✓ Initialized. View run at 
https://modal.com/apps/benmcewensignal/main/ap-J2ZWO9KRggzC1skpLofLdj
✓ Created objects.
├── ✓ Uploaded 
│   /home/runner/work/signal-sonic-features/signal-sonic-features/worker/gap_tes
│   ts.py
├── ✓ Uploaded PythonPackage:features, PythonPackage:worker
├── ✓ Created Function gen_batch.
├── ✓ Created Function sep_case.
├── ✓ Created Function gen_measure.
├── ✓ Created Function record_vectors.
├── ✓ Created Function mix_case.
├── ✓ Created Function cal_gaps.
├── ✓ Created Function fit_records.
├── ✓ Created Function nonlin_family.
├── ✓ Created Function mix_plays.
├── ✓ Created Function record_rows.
├── ✓ Created Function clip_loop.
├── ✓ Created Function prep_models.
├── ✓ Created Function fingerprint_loops.
├── ✓ Created Function mix_fingerprint.
├── ✓ Created Function pilot_gpu.
├── ✓ Created Function pilot_cpu.
├── ✓ Created Function mert_loops_gpu.
├── ✓ Created Function mix_mert_gpu.
├── ✓ Created Function clip_record.
├── ✓ Created Function mix_probe_gpu.
├── ✓ Created Function window_sep_gpu.
└── ✓ Created Function mixfp_gpu.
/usr/local/lib/python3.12/site-packages/librosa/core/pitch.py:101: UserWarning: Trying to estimate tuning from empty frequency set.
  return pitch_tuning(
/usr/local/lib/python3.12/site-packages/librosa/core/pitch.py:101: UserWarning: Trying to estimate tuning from empty frequency set.
  return pitch_tuning(
/usr/local/lib/python3.12/site-packages/librosa/core/pitch.py:101: UserWarning: Trying to estimate tuning from empty frequency set.
  return pitch_tuning(
/usr/local/lib/python3.12/site-packages/librosa/core/pitch.py:101: UserWarning: Trying to estimate tuning from empty frequency set.
  return pitch_tuning(
/usr/local/lib/python3.12/site-packages/librosa/core/pitch.py:101: UserWarning: Trying to estimate tuning from empty frequency set.
  return pitch_tuning(
/usr/local/lib/python3.12/site-packages/librosa/core/pitch.py:101: UserWarning: Trying to estimate tuning from empty frequency set.
  return pitch_tuning(
/usr/local/lib/python3.12/site-packages/librosa/core/pitch.py:101: UserWarning: Trying to estimate tuning from empty frequency set.
  return pitch_tuning(
/usr/local/lib/python3.12/site-packages/librosa/core/pitch.py:101: UserWarning: Trying to estimate tuning from empty frequency set.
  return pitch_tuning(
/usr/local/lib/python3.12/site-packages/librosa/core/pitch.py:101: UserWarning: Trying to estimate tuning from empty frequency set.
  return pitch_tuning(
/usr/local/lib/python3.12/site-packages/librosa/core/pitch.py:101: UserWarning: Trying to estimate tuning from empty frequency set.
  return pitch_tuning(
/usr/local/lib/python3.12/site-packages/librosa/core/pitch.py:101: UserWarning: Trying to estimate tuning from empty frequency set.
  return pitch_tuning(
/usr/local/lib/python3.12/site-packages/librosa/core/pitch.py:101: UserWarning: Trying to estimate tuning from empty frequency set.
  return pitch_tuning(
/usr/local/lib/python3.12/site-packages/librosa/core/pitch.py:101: UserWarning: Trying to estimate tuning from empty frequency set.
  return pitch_tuning(
/usr/local/lib/python3.12/site-packages/librosa/core/pitch.py:101: UserWarning: Trying to estimate tuning from empty frequency set.
  return pitch_tuning(
/usr/local/lib/python3.12/site-packages/librosa/core/pitch.py:101: UserWarning: Trying to estimate tuning from empty frequency set.
  return pitch_tuning(
/usr/local/lib/python3.12/site-packages/librosa/core/pitch.py:101: UserWarning: Trying to estimate tuning from empty frequency set.
  return pitch_tuning(
/usr/local/lib/python3.12/site-packages/librosa/core/pitch.py:101: UserWarning: Trying to estimate tuning from empty frequency set.
  return pitch_tuning(
/usr/local/lib/python3.12/site-packages/librosa/core/pitch.py:101: UserWarning: Trying to estimate tuning from empty frequency set.
  return pitch_tuning(
/usr/local/lib/python3.12/site-packages/librosa/core/pitch.py:101: UserWarning: Trying to estimate tuning from empty frequency set.
  return pitch_tuning(
/usr/local/lib/python3.12/site-packages/librosa/core/pitch.py:101: UserWarning: Trying to estimate tuning from empty frequency set.
  return pitch_tuning(
/usr/local/lib/python3.12/site-packages/librosa/core/pitch.py:101: UserWarning: Trying to estimate tuning from empty frequency set.
  return pitch_tuning(
/usr/local/lib/python3.12/site-packages/librosa/core/pitch.py:101: UserWarning: Trying to estimate tuning from empty frequency set.
  return pitch_tuning(
/usr/local/lib/python3.12/site-packages/librosa/core/pitch.py:101: UserWarning: Trying to estimate tuning from empty frequency set.
  return pitch_tuning(
/usr/local/lib/python3.12/site-packages/librosa/core/pitch.py:101: UserWarning: Trying to estimate tuning from empty frequency set.
  return pitch_tuning(
/usr/local/lib/python3.12/site-packages/librosa/core/pitch.py:101: UserWarning: Trying to estimate tuning from empty frequency set.
  return pitch_tuning(
/usr/local/lib/python3.12/site-packages/librosa/core/pitch.py:101: UserWarning: Trying to estimate tuning from empty frequency set.
  return pitch_tuning(
/usr/local/lib/python3.12/site-packages/librosa/core/pitch.py:101: UserWarning: Trying to estimate tuning from empty frequency set.
  return pitch_tuning(
/usr/local/lib/python3.12/site-packages/librosa/core/pitch.py:101: UserWarning: Trying to estimate tuning from empty frequency set.
  return pitch_tuning(
/usr/local/lib/python3.12/site-packages/librosa/core/pitch.py:101: UserWarning: Trying to estimate tuning from empty frequency set.
  return pitch_tuning(
/usr/local/lib/python3.12/site-packages/librosa/core/pitch.py:101: UserWarning: Trying to estimate tuning from empty frequency set.
  return pitch_tuning(
/usr/local/lib/python3.12/site-packages/librosa/core/pitch.py:101: UserWarning: Trying to estimate tuning from empty frequency set.
  return pitch_tuning(
/usr/local/lib/python3.12/site-packages/librosa/core/pitch.py:101: UserWarning: Trying to estimate tuning from empty frequency set.
  return pitch_tuning(
/usr/local/lib/python3.12/site-packages/librosa/core/pitch.py:101: UserWarning: Trying to estimate tuning from empty frequency set.
  return pitch_tuning(
/usr/local/lib/python3.12/site-packages/librosa/core/pitch.py:101: UserWarning: Trying to estimate tuning from empty frequency set.
  return pitch_tuning(
/usr/local/lib/python3.12/site-packages/librosa/core/pitch.py:101: UserWarning: Trying to estimate tuning from empty frequency set.
  return pitch_tuning(
/usr/local/lib/python3.12/site-packages/librosa/core/pitch.py:101: UserWarning: Trying to estimate tuning from empty frequency set.
  return pitch_tuning(
/usr/local/lib/python3.12/site-packages/librosa/core/pitch.py:101: UserWarning: Trying to estimate tuning from empty frequency set.
  return pitch_tuning(
/usr/local/lib/python3.12/site-packages/librosa/core/pitch.py:101: UserWarning: Trying to estimate tuning from empty frequency set.
  return pitch_tuning(
/usr/local/lib/python3.12/site-packages/librosa/core/pitch.py:101: UserWarning: Trying to estimate tuning from empty frequency set.
  return pitch_tuning(
/usr/local/lib/python3.12/site-packages/librosa/core/pitch.py:101: UserWarning: Trying to estimate tuning from empty frequency set.
  return pitch_tuning(
/usr/local/lib/python3.12/site-packages/librosa/core/pitch.py:101: UserWarning: Trying to estimate tuning from empty frequency set.
  return pitch_tuning(
/usr/local/lib/python3.12/site-packages/librosa/core/pitch.py:101: UserWarning: Trying to estimate tuning from empty frequency set.
  return pitch_tuning(
/usr/local/lib/python3.12/site-packages/librosa/core/pitch.py:101: UserWarning: Trying to estimate tuning from empty frequency set.
  return pitch_tuning(
/usr/local/lib/python3.12/site-packages/librosa/core/pitch.py:101: UserWarning: Trying to estimate tuning from empty frequency set.
  return pitch_tuning(
/usr/local/lib/python3.12/site-packages/librosa/core/pitch.py:101: UserWarning: Trying to estimate tuning from empty frequency set.
  return pitch_tuning(
/usr/local/lib/python3.12/site-packages/librosa/core/pitch.py:101: UserWarning: Trying to estimate tuning from empty frequency set.
  return pitch_tuning(
/usr/local/lib/python3.12/site-packages/librosa/core/pitch.py:101: UserWarning: Trying to estimate tuning from empty frequency set.
  return pitch_tuning(
/usr/local/lib/python3.12/site-packages/librosa/core/pitch.py:101: UserWarning: Trying to estimate tuning from empty frequency set.
  return pitch_tuning(
/usr/local/lib/python3.12/site-packages/librosa/core/pitch.py:101: UserWarning: Trying to estimate tuning from empty frequency set.
  return pitch_tuning(
/usr/local/lib/python3.12/site-packages/librosa/core/pitch.py:101: UserWarning: Trying to estimate tuning from empty frequency set.
  return pitch_tuning(
/usr/local/lib/python3.12/site-packages/librosa/core/pitch.py:101: UserWarning: Trying to estimate tuning from empty frequency set.
  return pitch_tuning(
/usr/local/lib/python3.12/site-packages/librosa/core/pitch.py:101: UserWarning: Trying to estimate tuning from empty frequency set.
  return pitch_tuning(
/usr/local/lib/python3.12/site-packages/librosa/core/pitch.py:101: UserWarning: Trying to estimate tuning from empty frequency set.
  return pitch_tuning(
/usr/local/lib/python3.12/site-packages/librosa/core/pitch.py:101: UserWarning: Trying to estimate tuning from empty frequency set.
  return pitch_tuning(
/usr/local/lib/python3.12/site-packages/librosa/core/pitch.py:101: UserWarning: Trying to estimate tuning from empty frequency set.
  return pitch_tuning(
/usr/local/lib/python3.12/site-packages/librosa/core/pitch.py:101: UserWarning: Trying to estimate tuning from empty frequency set.
  return pitch_tuning(
/usr/local/lib/python3.12/site-packages/librosa/core/pitch.py:101: UserWarning: Trying to estimate tuning from empty frequency set.
  return pitch_tuning(
/usr/local/lib/python3.12/site-packages/librosa/core/pitch.py:101: UserWarning: Trying to estimate tuning from empty frequency set.
  return pitch_tuning(
/usr/local/lib/python3.12/site-packages/librosa/core/pitch.py:101: UserWarning: Trying to estimate tuning from empty frequency set.
  return pitch_tuning(
/usr/local/lib/python3.12/site-packages/librosa/core/pitch.py:101: UserWarning: Trying to estimate tuning from empty frequency set.
  return pitch_tuning(
/usr/local/lib/python3.12/site-packages/librosa/core/pitch.py:101: UserWarning: Trying to estimate tuning from empty frequency set.
  return pitch_tuning(
/usr/local/lib/python3.12/site-packages/librosa/core/pitch.py:101: UserWarning: Trying to estimate tuning from empty frequency set.
  return pitch_tuning(
/usr/local/lib/python3.12/site-packages/librosa/core/pitch.py:101: UserWarning: Trying to estimate tuning from empty frequency set.
  return pitch_tuning(
/usr/local/lib/python3.12/site-packages/librosa/core/pitch.py:101: UserWarning: Trying to estimate tuning from empty frequency set.
  return pitch_tuning(
/usr/local/lib/python3.12/site-packages/librosa/core/pitch.py:101: UserWarning: Trying to estimate tuning from empty frequency set.
  return pitch_tuning(
/usr/local/lib/python3.12/site-packages/librosa/core/pitch.py:101: UserWarning: Trying to estimate tuning from empty frequency set.
  return pitch_tuning(
/usr/local/lib/python3.12/site-packages/librosa/core/pitch.py:101: UserWarning: Trying to estimate tuning from empty frequency set.
  return pitch_tuning(
/usr/local/lib/python3.12/site-packages/librosa/core/pitch.py:101: UserWarning: Trying to estimate tuning from empty frequency set.
  return pitch_tuning(
/usr/local/lib/python3.12/site-packages/librosa/core/pitch.py:101: UserWarning: Trying to estimate tuning from empty frequency set.
  return pitch_tuning(
/usr/local/lib/python3.12/site-packages/librosa/core/pitch.py:101: UserWarning: Trying to estimate tuning from empty frequency set.
  return pitch_tuning(
/usr/local/lib/python3.12/site-packages/librosa/core/pitch.py:101: UserWarning: Trying to estimate tuning from empty frequency set.
  return pitch_tuning(
/usr/local/lib/python3.12/site-packages/librosa/core/pitch.py:101: UserWarning: Trying to estimate tuning from empty frequency set.
  return pitch_tuning(
/usr/local/lib/python3.12/site-packages/librosa/core/pitch.py:101: UserWarning: Trying to estimate tuning from empty frequency set.
  return pitch_tuning(
/usr/local/lib/python3.12/site-packages/librosa/core/pitch.py:101: UserWarning: Trying to estimate tuning from empty frequency set.
  return pitch_tuning(
/usr/local/lib/python3.12/site-packages/librosa/core/pitch.py:101: UserWarning: Trying to estimate tuning from empty frequency set.
  return pitch_tuning(
/usr/local/lib/python3.12/site-packages/librosa/core/pitch.py:101: UserWarning: Trying to estimate tuning from empty frequency set.
  return pitch_tuning(
/usr/local/lib/python3.12/site-packages/librosa/core/pitch.py:101: UserWarning: Trying to estimate tuning from empty frequency set.
  return pitch_tuning(
/usr/local/lib/python3.12/site-packages/librosa/core/pitch.py:101: UserWarning: Trying to estimate tuning from empty frequency set.
  return pitch_tuning(
MERTLIB {"mixes": 3122, "unmixed": 3122, "drums": {"loops": 2968, "of": 2968, "unmixed_readings": 3122}, "bass": {"loops": 938, "of": 938, "unmixed_readings": 3122}, "melody": {"loops": 1193, "of": 1193, "unmixed_readings": 3122}, "vocals": {"loops": 354, "of": 354, "unmixed_readings": 3122}}
Stopping app - local entrypoint completed.
✓ App completed. View run at 
https://modal.com/apps/benmcewensignal/main/ap-J2ZWO9KRggzC1skpLofLdj
