✓ Initialized. View run at 
https://modal.com/apps/benmcewensignal/main/ap-V0UP4C341C84Dsk6XwZxDB
✓ Created objects.
├── ✓ Uploaded 
│   /home/runner/work/signal-sonic-features/signal-sonic-features/worker/gap_tes
│   ts.py
├── ✓ Uploaded PythonPackage:features, PythonPackage:worker
├── ✓ Created Function gen_batch.
├── ✓ Created Function sep_case.
├── ✓ Created Function gen_measure.
├── ✓ Created Function record_vectors.
├── ✓ Created Function mix_case.
├── ✓ Created Function cal_gaps.
├── ✓ Created Function fit_records.
├── ✓ Created Function nonlin_family.
└── ✓ Created Function mix_plays.
practice mixes: 2814
/usr/local/lib/python3.12/site-packages/librosa/core/pitch.py:101: UserWarning: Trying to estimate tuning from empty frequency set.
  return pitch_tuning(
/usr/local/lib/python3.12/site-packages/librosa/core/pitch.py:101: UserWarning: Trying to estimate tuning from empty frequency set.
  return pitch_tuning(
/usr/local/lib/python3.12/site-packages/librosa/core/pitch.py:101: UserWarning: Trying to estimate tuning from empty frequency set.
  return pitch_tuning(
/usr/local/lib/python3.12/site-packages/librosa/core/pitch.py:101: UserWarning: Trying to estimate tuning from empty frequency set.
  return pitch_tuning(
/usr/local/lib/python3.12/site-packages/librosa/core/pitch.py:101: UserWarning: Trying to estimate tuning from empty frequency set.
  return pitch_tuning(
/usr/local/lib/python3.12/site-packages/librosa/core/pitch.py:101: UserWarning: Trying to estimate tuning from empty frequency set.
  return pitch_tuning(
/usr/local/lib/python3.12/site-packages/librosa/core/pitch.py:101: UserWarning: Trying to estimate tuning from empty frequency set.
  return pitch_tuning(
/usr/local/lib/python3.12/site-packages/librosa/core/pitch.py:101: UserWarning: Trying to estimate tuning from empty frequency set.
  return pitch_tuning(
/usr/local/lib/python3.12/site-packages/librosa/core/pitch.py:101: UserWarning: Trying to estimate tuning from empty frequency set.
  return pitch_tuning(
/usr/local/lib/python3.12/site-packages/librosa/core/pitch.py:101: UserWarning: Trying to estimate tuning from empty frequency set.
  return pitch_tuning(
/usr/local/lib/python3.12/site-packages/librosa/core/pitch.py:101: UserWarning: Trying to estimate tuning from empty frequency set.
  return pitch_tuning(
/usr/local/lib/python3.12/site-packages/librosa/core/pitch.py:101: UserWarning: Trying to estimate tuning from empty frequency set.
  return pitch_tuning(
/usr/local/lib/python3.12/site-packages/librosa/core/pitch.py:101: UserWarning: Trying to estimate tuning from empty frequency set.
  return pitch_tuning(
/usr/local/lib/python3.12/site-packages/librosa/core/pitch.py:101: UserWarning: Trying to estimate tuning from empty frequency set.
  return pitch_tuning(
Runner terminated (SIGTERM), exit code: 143.
/usr/local/lib/python3.12/site-packages/librosa/core/pitch.py:101: UserWarning: Trying to estimate tuning from empty frequency set.
  return pitch_tuning(
/usr/local/lib/python3.12/site-packages/librosa/core/pitch.py:101: UserWarning: Trying to estimate tuning from empty frequency set.
  return pitch_tuning(
/usr/local/lib/python3.12/site-packages/librosa/core/pitch.py:101: UserWarning: Trying to estimate tuning from empty frequency set.
  return pitch_tuning(
/usr/local/lib/python3.12/site-packages/librosa/core/pitch.py:101: UserWarning: Trying to estimate tuning from empty frequency set.
  return pitch_tuning(
/usr/local/lib/python3.12/site-packages/librosa/core/pitch.py:101: UserWarning: Trying to estimate tuning from empty frequency set.
  return pitch_tuning(
/usr/local/lib/python3.12/site-packages/librosa/core/pitch.py:101: UserWarning: Trying to estimate tuning from empty frequency set.
  return pitch_tuning(
/usr/local/lib/python3.12/site-packages/librosa/core/pitch.py:101: UserWarning: Trying to estimate tuning from empty frequency set.
  return pitch_tuning(
/usr/local/lib/python3.12/site-packages/librosa/core/pitch.py:101: UserWarning: Trying to estimate tuning from empty frequency set.
  return pitch_tuning(
/usr/local/lib/python3.12/site-packages/librosa/core/pitch.py:101: UserWarning: Trying to estimate tuning from empty frequency set.
  return pitch_tuning(
/usr/local/lib/python3.12/site-packages/librosa/core/pitch.py:101: UserWarning: Trying to estimate tuning from empty frequency set.
  return pitch_tuning(
/usr/local/lib/python3.12/site-packages/librosa/core/pitch.py:101: UserWarning: Trying to estimate tuning from empty frequency set.
  return pitch_tuning(
/usr/local/lib/python3.12/site-packages/librosa/core/pitch.py:101: UserWarning: Trying to estimate tuning from empty frequency set.
  return pitch_tuning(
/usr/local/lib/python3.12/site-packages/librosa/core/pitch.py:101: UserWarning: Trying to estimate tuning from empty frequency set.
  return pitch_tuning(
/usr/local/lib/python3.12/site-packages/librosa/core/pitch.py:101: UserWarning: Trying to estimate tuning from empty frequency set.
  return pitch_tuning(
/usr/local/lib/python3.12/site-packages/librosa/core/pitch.py:101: UserWarning: Trying to estimate tuning from empty frequency set.
  return pitch_tuning(
/usr/local/lib/python3.12/site-packages/librosa/core/pitch.py:101: UserWarning: Trying to estimate tuning from empty frequency set.
  return pitch_tuning(
/usr/local/lib/python3.12/site-packages/librosa/core/pitch.py:101: UserWarning: Trying to estimate tuning from empty frequency set.
  return pitch_tuning(
/usr/local/lib/python3.12/site-packages/librosa/core/pitch.py:101: UserWarning: Trying to estimate tuning from empty frequency set.
  return pitch_tuning(
/usr/local/lib/python3.12/site-packages/librosa/core/pitch.py:101: UserWarning: Trying to estimate tuning from empty frequency set.
  return pitch_tuning(
/usr/local/lib/python3.12/site-packages/librosa/core/pitch.py:101: UserWarning: Trying to estimate tuning from empty frequency set.
  return pitch_tuning(
/usr/local/lib/python3.12/site-packages/librosa/core/pitch.py:101: UserWarning: Trying to estimate tuning from empty frequency set.
  return pitch_tuning(
/usr/local/lib/python3.12/site-packages/librosa/core/pitch.py:101: UserWarning: Trying to estimate tuning from empty frequency set.
  return pitch_tuning(
/usr/local/lib/python3.12/site-packages/librosa/core/pitch.py:101: UserWarning: Trying to estimate tuning from empty frequency set.
  return pitch_tuning(
/usr/local/lib/python3.12/site-packages/librosa/core/pitch.py:101: UserWarning: Trying to estimate tuning from empty frequency set.
  return pitch_tuning(
/usr/local/lib/python3.12/site-packages/librosa/core/pitch.py:101: UserWarning: Trying to estimate tuning from empty frequency set.
  return pitch_tuning(
/usr/local/lib/python3.12/site-packages/librosa/core/pitch.py:101: UserWarning: Trying to estimate tuning from empty frequency set.
  return pitch_tuning(
/usr/local/lib/python3.12/site-packages/librosa/core/pitch.py:101: UserWarning: Trying to estimate tuning from empty frequency set.
  return pitch_tuning(
/usr/local/lib/python3.12/site-packages/librosa/core/pitch.py:101: UserWarning: Trying to estimate tuning from empty frequency set.
  return pitch_tuning(
/usr/local/lib/python3.12/site-packages/librosa/core/pitch.py:101: UserWarning: Trying to estimate tuning from empty frequency set.
  return pitch_tuning(
/usr/local/lib/python3.12/site-packages/librosa/core/pitch.py:101: UserWarning: Trying to estimate tuning from empty frequency set.
  return pitch_tuning(
/usr/local/lib/python3.12/site-packages/librosa/core/pitch.py:101: UserWarning: Trying to estimate tuning from empty frequency set.
  return pitch_tuning(
/usr/local/lib/python3.12/site-packages/librosa/core/pitch.py:101: UserWarning: Trying to estimate tuning from empty frequency set.
  return pitch_tuning(
/usr/local/lib/python3.12/site-packages/librosa/core/pitch.py:101: UserWarning: Trying to estimate tuning from empty frequency set.
  return pitch_tuning(
/usr/local/lib/python3.12/site-packages/librosa/core/pitch.py:101: UserWarning: Trying to estimate tuning from empty frequency set.
  return pitch_tuning(
/usr/local/lib/python3.12/site-packages/librosa/core/pitch.py:101: UserWarning: Trying to estimate tuning from empty frequency set.
  return pitch_tuning(
/usr/local/lib/python3.12/site-packages/librosa/core/pitch.py:101: UserWarning: Trying to estimate tuning from empty frequency set.
  return pitch_tuning(
/usr/local/lib/python3.12/site-packages/librosa/core/pitch.py:101: UserWarning: Trying to estimate tuning from empty frequency set.
  return pitch_tuning(
/usr/local/lib/python3.12/site-packages/librosa/core/pitch.py:101: UserWarning: Trying to estimate tuning from empty frequency set.
  return pitch_tuning(
/usr/local/lib/python3.12/site-packages/librosa/core/pitch.py:101: UserWarning: Trying to estimate tuning from empty frequency set.
  return pitch_tuning(
/usr/local/lib/python3.12/site-packages/librosa/core/pitch.py:101: UserWarning: Trying to estimate tuning from empty frequency set.
  return pitch_tuning(
/usr/local/lib/python3.12/site-packages/librosa/core/pitch.py:101: UserWarning: Trying to estimate tuning from empty frequency set.
  return pitch_tuning(
/usr/local/lib/python3.12/site-packages/librosa/core/pitch.py:101: UserWarning: Trying to estimate tuning from empty frequency set.
  return pitch_tuning(
/usr/local/lib/python3.12/site-packages/librosa/core/pitch.py:101: UserWarning: Trying to estimate tuning from empty frequency set.
  return pitch_tuning(
/usr/local/lib/python3.12/site-packages/librosa/core/pitch.py:101: UserWarning: Trying to estimate tuning from empty frequency set.
  return pitch_tuning(
/usr/local/lib/python3.12/site-packages/librosa/core/pitch.py:101: UserWarning: Trying to estimate tuning from empty frequency set.
  return pitch_tuning(
/usr/local/lib/python3.12/site-packages/librosa/core/pitch.py:101: UserWarning: Trying to estimate tuning from empty frequency set.
  return pitch_tuning(
/usr/local/lib/python3.12/site-packages/librosa/core/pitch.py:101: UserWarning: Trying to estimate tuning from empty frequency set.
  return pitch_tuning(
Container terminated due to preemption. Your Function will be restarted with the same input. For more details, see https://modal.com/docs/guide/preemption
/usr/local/lib/python3.12/site-packages/librosa/core/pitch.py:101: UserWarning: Trying to estimate tuning from empty frequency set.
  return pitch_tuning(
/usr/local/lib/python3.12/site-packages/librosa/core/pitch.py:101: UserWarning: Trying to estimate tuning from empty frequency set.
  return pitch_tuning(
/usr/local/lib/python3.12/site-packages/librosa/core/pitch.py:101: UserWarning: Trying to estimate tuning from empty frequency set.
  return pitch_tuning(
/opt/hostedtoolcache/Python/3.12.14/x64/lib/python3.12/site-packages/numpy/_core/fromnumeric.py:3862: RuntimeWarning: Mean of empty slice
  return _methods._mean(a, axis=axis, dtype=dtype,
/opt/hostedtoolcache/Python/3.12.14/x64/lib/python3.12/site-packages/numpy/_core/_methods.py:142: RuntimeWarning: invalid value encountered in scalar divide
  ret = ret.dtype.type(ret / rcount)
PLAYS {"mixes": 2814, "unmixed": 2814, "families": {"bass": {"smudges": 2814, "loops": 938, "plays_agreement_clean_vs_unmixed": NaN, "sound_only": {"n": 2814, "top1": 0.489, "top3": 0.618, "top10": 0.721}, "sound_and_plays": {"n": 2814, "top1": 0.489, "top3": 0.618, "top10": 0.721}}, "drums": {"smudges": 2814, "loops": 1714, "plays_agreement_clean_vs_unmixed": NaN, "sound_only": {"n": 2814, "top1": 0.661, "top3": 0.756, "top10": 0.83}, "sound_and_plays": {"n": 2814, "top1": 0.661, "top3": 0.756, "top10": 0.83}}}}
Stopping app - local entrypoint completed.
✓ App completed. View run at 
https://modal.com/apps/benmcewensignal/main/ap-V0UP4C341C84Dsk6XwZxDB
