✓ Initialized. View run at 
https://modal.com/apps/benmcewensignal/main/ap-U2Xn7WGF8ap4IAXWh9atKp
✓ Created objects.
├── ✓ Uploaded 
│   /home/runner/work/signal-sonic-features/signal-sonic-features/worker/gap_tes
│   ts.py
├── ✓ Uploaded PythonPackage:features, PythonPackage:worker
├── ✓ Created Function gen_batch.
├── ✓ Created Function prep_models.
├── ✓ Created Function fingerprint_loops.
├── ✓ Created Function mix_fingerprint.
├── ✓ Created Function pilot_gpu.
├── ✓ Created Function pilot_cpu.
├── ✓ Created Function mert_loops_gpu.
├── ✓ Created Function mix_mert_gpu.
├── ✓ Created Function clip_record.
├── ✓ Created Function mix_probe_gpu.
├── ✓ Created Function window_sep_gpu.
├── ✓ Created Function sep_case.
├── ✓ Created Function gen_measure.
├── ✓ Created Function record_vectors.
├── ✓ Created Function mix_case.
├── ✓ Created Function cal_gaps.
├── ✓ Created Function fit_records.
├── ✓ Created Function nonlin_family.
├── ✓ Created Function mix_plays.
├── ✓ Created Function record_rows.
└── ✓ Created Function clip_loop.
/usr/local/lib/python3.12/site-packages/librosa/core/pitch.py:101: UserWarning: Trying to estimate tuning from empty frequency set.
  return pitch_tuning(
/usr/local/lib/python3.12/site-packages/librosa/core/pitch.py:101: UserWarning: Trying to estimate tuning from empty frequency set.
  return pitch_tuning(
/usr/local/lib/python3.12/site-packages/librosa/core/pitch.py:101: UserWarning: Trying to estimate tuning from empty frequency set.
  return pitch_tuning(
/usr/local/lib/python3.12/site-packages/librosa/core/pitch.py:101: UserWarning: Trying to estimate tuning from empty frequency set.
  return pitch_tuning(
/usr/local/lib/python3.12/site-packages/librosa/core/pitch.py:101: UserWarning: Trying to estimate tuning from empty frequency set.
  return pitch_tuning(
/usr/local/lib/python3.12/site-packages/librosa/core/pitch.py:101: UserWarning: Trying to estimate tuning from empty frequency set.
  return pitch_tuning(
/usr/local/lib/python3.12/site-packages/librosa/core/pitch.py:101: UserWarning: Trying to estimate tuning from empty frequency set.
  return pitch_tuning(
/usr/local/lib/python3.12/site-packages/librosa/core/pitch.py:101: UserWarning: Trying to estimate tuning from empty frequency set.
  return pitch_tuning(
/usr/local/lib/python3.12/site-packages/librosa/core/pitch.py:101: UserWarning: Trying to estimate tuning from empty frequency set.
  return pitch_tuning(
/usr/local/lib/python3.12/site-packages/librosa/core/pitch.py:101: UserWarning: Trying to estimate tuning from empty frequency set.
  return pitch_tuning(
/usr/local/lib/python3.12/site-packages/librosa/core/pitch.py:101: UserWarning: Trying to estimate tuning from empty frequency set.
  return pitch_tuning(
/usr/local/lib/python3.12/site-packages/librosa/core/pitch.py:101: UserWarning: Trying to estimate tuning from empty frequency set.
  return pitch_tuning(
/usr/local/lib/python3.12/site-packages/librosa/core/pitch.py:101: UserWarning: Trying to estimate tuning from empty frequency set.
  return pitch_tuning(
/usr/local/lib/python3.12/site-packages/librosa/core/pitch.py:101: UserWarning: Trying to estimate tuning from empty frequency set.
  return pitch_tuning(
/usr/local/lib/python3.12/site-packages/librosa/core/pitch.py:101: UserWarning: Trying to estimate tuning from empty frequency set.
  return pitch_tuning(
/usr/local/lib/python3.12/site-packages/librosa/core/pitch.py:101: UserWarning: Trying to estimate tuning from empty frequency set.
  return pitch_tuning(
/usr/local/lib/python3.12/site-packages/librosa/core/pitch.py:101: UserWarning: Trying to estimate tuning from empty frequency set.
  return pitch_tuning(
/usr/local/lib/python3.12/site-packages/librosa/core/pitch.py:101: UserWarning: Trying to estimate tuning from empty frequency set.
  return pitch_tuning(
/usr/local/lib/python3.12/site-packages/librosa/core/pitch.py:101: UserWarning: Trying to estimate tuning from empty frequency set.
  return pitch_tuning(
/usr/local/lib/python3.12/site-packages/librosa/core/pitch.py:101: UserWarning: Trying to estimate tuning from empty frequency set.
  return pitch_tuning(
/usr/local/lib/python3.12/site-packages/librosa/core/pitch.py:101: UserWarning: Trying to estimate tuning from empty frequency set.
  return pitch_tuning(
/usr/local/lib/python3.12/site-packages/librosa/core/pitch.py:101: UserWarning: Trying to estimate tuning from empty frequency set.
  return pitch_tuning(
/usr/local/lib/python3.12/site-packages/librosa/core/pitch.py:101: UserWarning: Trying to estimate tuning from empty frequency set.
  return pitch_tuning(
PROBE {"window_records": 150, "window_times": {"download": 0.44, "separate": 6.25, "fingerprint": 0.71, "total": 7.45, "audio_seconds": 56.0}, "mixes": 1498, "mixes_done": 1498, "loops": {"bass": 938, "melody": 1193}}
Stopping app - local entrypoint completed.
✓ App completed. View run at 
https://modal.com/apps/benmcewensignal/main/ap-U2Xn7WGF8ap4IAXWh9atKp
